// Jest Snapshot v1, https://goo.gl/fbAQLP

exports[`Button Component render correctly 1`] = `
<div>
  <button
    class="bg-[#A2F2F9] border-[#D8E054]  border-b-4 border-l-4 px-[80px] py-3 rounded-[8px] font-semibold capitalize text-[24px] leading-[29px] text-center"
    data-testid="container"
  >
    Example
  </button>
</div>
`;

exports[`Header Component render correctly 1`] = `
<div>
  <div
    class="flex flex-col items-center"
  >
    <div
      class="relative w-[300px] h-[100px] sm:w-[500px] sm:h-[200px]"
    >
      <img
        alt="logo header"
        data-nimg="fill"
        decoding="async"
        loading="lazy"
        sizes="500px, 200px"
        src="/_next/image?url=%2Flogo-rick-morty.png&w=3840&q=75"
        srcset="/_next/image?url=%2Flogo-rick-morty.png&w=16&q=75 16w, /_next/image?url=%2Flogo-rick-morty.png&w=32&q=75 32w, /_next/image?url=%2Flogo-rick-morty.png&w=48&q=75 48w, /_next/image?url=%2Flogo-rick-morty.png&w=64&q=75 64w, /_next/image?url=%2Flogo-rick-morty.png&w=96&q=75 96w, /_next/image?url=%2Flogo-rick-morty.png&w=128&q=75 128w, /_next/image?url=%2Flogo-rick-morty.png&w=256&q=75 256w, /_next/image?url=%2Flogo-rick-morty.png&w=384&q=75 384w, /_next/image?url=%2Flogo-rick-morty.png&w=640&q=75 640w, /_next/image?url=%2Flogo-rick-morty.png&w=750&q=75 750w, /_next/image?url=%2Flogo-rick-morty.png&w=828&q=75 828w, /_next/image?url=%2Flogo-rick-morty.png&w=1080&q=75 1080w, /_next/image?url=%2Flogo-rick-morty.png&w=1200&q=75 1200w, /_next/image?url=%2Flogo-rick-morty.png&w=1920&q=75 1920w, /_next/image?url=%2Flogo-rick-morty.png&w=2048&q=75 2048w, /_next/image?url=%2Flogo-rick-morty.png&w=3840&q=75 3840w"
        style="position: absolute; height: 100%; width: 100%; left: 0px; top: 0px; right: 0px; bottom: 0px; color: transparent;"
      />
    </div>
    <button
      class="mt-4 bg-[#D8E054] rounded-full py-2 px-4 text-[20px] leading-[24px] font-bold"
    >
      Juego de memoria
    </button>
  </div>
</div>
`;
